../CavliLib/C16QS.c:12:6:PowerKeyControl	16	static
../CavliLib/C16QS.c:20:6:PowerKeyFunction	8	static
../CavliLib/C16QS.c:26:6:RstKeyControl	16	static
../CavliLib/C16QS.c:34:6:ResetKeyFunction	8	static
../CavliLib/C16QS.c:40:6:Echo_Disable	40	static
../CavliLib/C16QS.c:49:6:Clear_Buffer	24	static
../CavliLib/C16QS.c:56:13:Alive_Control	72	static
../CavliLib/C16QS.c:82:13:Control_OK_Message	24	static
../CavliLib/C16QS.c:91:13:Modul_Function_Control	104	static
../CavliLib/C16QS.c:116:13:Control_FunctionEnable_Message	24	static
../CavliLib/C16QS.c:126:13:Modul_Function_Enable	104	static
../CavliLib/C16QS.c:151:13:Network_Register_Control	104	static
../CavliLib/C16QS.c:176:13:Control_NetworReg_Message	24	static
../CavliLib/C16QS.c:190:13:Internet_Control	104	static
../CavliLib/C16QS.c:215:13:Control_Internet_Message	24	static
../CavliLib/C16QS.c:224:13:MQTT_Create_Session	352	static
../CavliLib/C16QS.c:254:13:Control_CreateSession_Message	32	static
../CavliLib/C16QS.c:270:13:MQTT_Connection	328	static
../CavliLib/C16QS.c:296:13:Control_Connection_Message	240	static
../CavliLib/C16QS.c:316:13:Send_Message_Topic	328	static
../CavliLib/C16QS.c:343:13:Control_Send_Message	240	static
../CavliLib/C16QS.c:363:13:Set_Subscribe_Topic	328	static
../CavliLib/C16QS.c:392:13:Control_Subscribe_Message	240	static
../CavliLib/C16QS.c:415:6:C16QS_Sequence	16	static
